// Jest Snapshot v1, https://goo.gl/fbAQLP

exports[`Tests on <NoteScreen /> should display correctly 1`] = `
<div
  className="notes__main-content animate__animated animate__fadeIn animate__faster"
>
  <div
    className="notes__appbar"
  >
    <span>
      30th january of 2022
    </span>
    <input
      name="file"
      onChange={[Function]}
      style={
        Object {
          "display": "none",
        }
      }
      type="file"
    />
    <div>
      <button
        className="btn"
        onClick={[Function]}
      >
        Upload picture
      </button>
      <button
        className="btn"
        onClick={[Function]}
      >
        Save
      </button>
    </div>
  </div>
  <div
    className="notes__content"
  >
    <input
      className="notes__title-input"
      name="title"
      onChange={[Function]}
      placeholder="Some awesome title"
      type="text"
      value="Testing title"
    />
    <textarea
      className="notes__textarea"
      name="body"
      onChange={[Function]}
      placeholder="What did you do today?"
      value="Testing body"
    />
  </div>
  <button
    className="btn btn-danger"
    onClick={[Function]}
  >
    Delete
  </button>
</div>
`;
